// Jest Snapshot v1, https://goo.gl/fbAQLP

exports[`Busqueda Debe de retornar un componente 1`] = `<Busqueda />`;
